TRUE
CLIPS> (clear)
CLIPS> (progn (release-mem) TRUE)
TRUE
CLIPS> (mem-used)
851693
CLIPS> (load-facts bigbug.fct)
TRUE
CLIPS> (clear)
CLIPS> (progn (release-mem) TRUE)
TRUE
CLIPS> (mem-used)
851693
CLIPS> (load bigbug.clp)
:
TRUE
CLIPS> (reset)
CLIPS> (clear)
CLIPS> (progn (release-mem) TRUE)
TRUE
CLIPS> (mem-used)
851693
CLIPS> (dribble-off)
